<html>
<body>
<pre>
<h1>µVision Build Log</h1>
<h2>Project:</h2>
D:\Git\ISR_Coursework\testassem.uvproj
Project File Date:  01/13/2015

<h2>Output:</h2>
*** Note: Rebuilding project, since 'Options->Output->Create Batch File' is selected.
Rebuild target 'Target 1'
assembling countfreq.s...
linking...
testassem.sct(8): warning: L6314W: No section matches pattern *(InRoot$$Sections).
Program Size: Code=468 RO-data=0 RW-data=16 ZI-data=272  
Finished: 0 information, 1 warning and 0 error messages.
".\testassem.axf" - 0 Error(s), 1 Warning(s).
ot be represented by 0-255 and a rotation
countfreq.s(189): error: A1510E: Immediate 0x000003FF cannot be represented by 0-255 and a rotation
".\testassem.axf" - 4 Error(s), 0 Warning(s).
Target not created
