<html>
<body>
<pre>
<h1>µVision Build Log</h1>
<h2>Project:</h2>
C:\Users\Michael\Git\ISR_Coursework\testassem.uvproj
Project File Date:  12/23/2014

<h2>Output:</h2>
*** Note: Rebuilding project, since 'Options->Output->Create Batch File' is selected.
Rebuild target 'Target 1'
assembling countfreq.s...
linking...
testassem.sct(8): warning: L6314W: No section matches pattern *(InRoot$$Sections).
Program Size: Code=420 RO-data=0 RW-data=16 ZI-data=272  
Finished: 0 information, 1 warning and 0 error messages.
".\testassem.axf" - 0 Error(s), 1 Warning(s).
